Archive member included because of file (symbol)

/usr/lib/gcc/avr/4.8.2/avr5/libgcc.a(_umulhisi3.o)
                              ./source/autoclk3.0.o (__umulhisi3)
/usr/lib/gcc/avr/4.8.2/avr5/libgcc.a(_divmodhi4.o)
                              ./source/autoclk3.0.o (__divmodhi4)
/usr/lib/gcc/avr/4.8.2/avr5/libgcc.a(_exit.o)
                              /usr/lib/gcc/avr/4.8.2/../../../avr/lib/avr5/crtm32.o (exit)
/usr/lib/gcc/avr/4.8.2/avr5/libgcc.a(_copy_data.o)
                              ./source/autoclk3.0.o (__do_copy_data)
/usr/lib/gcc/avr/4.8.2/avr5/libgcc.a(_clear_bss.o)
                              ./source/autoclk3.0.o (__do_clear_bss)
/usr/lib/gcc/avr/4.8.2/avr5/libgcc.a(_udivmodhi4.o)
                              /usr/lib/gcc/avr/4.8.2/avr5/libgcc.a(_divmodhi4.o) (__udivmodhi4)
/usr/lib/gcc/avr/4.8.2/../../../avr/lib/avr5/libm.a(cmpsf2.o)
                              ./source/autoclk3.0.o (__ltsf2)
/usr/lib/gcc/avr/4.8.2/../../../avr/lib/avr5/libm.a(fixsfsi.o)
                              ./source/autoclk3.0.o (__fixsfsi)
/usr/lib/gcc/avr/4.8.2/../../../avr/lib/avr5/libm.a(fixunssfsi.o)
                              ./source/autoclk3.0.o (__fixunssfsi)
/usr/lib/gcc/avr/4.8.2/../../../avr/lib/avr5/libm.a(floatsisf.o)
                              ./source/autoclk3.0.o (__floatsisf)
/usr/lib/gcc/avr/4.8.2/../../../avr/lib/avr5/libm.a(fp_cmp.o)
                              /usr/lib/gcc/avr/4.8.2/../../../avr/lib/avr5/libm.a(cmpsf2.o) (__fp_cmp)
/usr/lib/gcc/avr/4.8.2/../../../avr/lib/avr5/libm.a(fp_split3.o)
                              /usr/lib/gcc/avr/4.8.2/../../../avr/lib/avr5/libm.a(fixunssfsi.o) (__fp_splitA)
/usr/lib/gcc/avr/4.8.2/../../../avr/lib/avr5/libm.a(fp_zero.o)
                              /usr/lib/gcc/avr/4.8.2/../../../avr/lib/avr5/libm.a(fixunssfsi.o) (__fp_zero)
/usr/lib/gcc/avr/4.8.2/../../../avr/lib/avr5/libm.a(gesf2.o)
                              ./source/autoclk3.0.o (__gtsf2)
/usr/lib/gcc/avr/4.8.2/../../../avr/lib/avr5/libm.a(mulsf3.o)
                              ./source/autoclk3.0.o (__mulsf3)
/usr/lib/gcc/avr/4.8.2/../../../avr/lib/avr5/libm.a(mulsf3x.o)
                              /usr/lib/gcc/avr/4.8.2/../../../avr/lib/avr5/libm.a(mulsf3.o) (__mulsf3x)
/usr/lib/gcc/avr/4.8.2/../../../avr/lib/avr5/libm.a(fp_inf.o)
                              /usr/lib/gcc/avr/4.8.2/../../../avr/lib/avr5/libm.a(mulsf3x.o) (__fp_inf)
/usr/lib/gcc/avr/4.8.2/../../../avr/lib/avr5/libm.a(fp_nan.o)
                              /usr/lib/gcc/avr/4.8.2/../../../avr/lib/avr5/libm.a(mulsf3x.o) (__fp_nan)
/usr/lib/gcc/avr/4.8.2/../../../avr/lib/avr5/libm.a(fp_pscA.o)
                              /usr/lib/gcc/avr/4.8.2/../../../avr/lib/avr5/libm.a(mulsf3x.o) (__fp_pscA)
/usr/lib/gcc/avr/4.8.2/../../../avr/lib/avr5/libm.a(fp_pscB.o)
                              /usr/lib/gcc/avr/4.8.2/../../../avr/lib/avr5/libm.a(mulsf3x.o) (__fp_pscB)
/usr/lib/gcc/avr/4.8.2/../../../avr/lib/avr5/libm.a(fp_round.o)
                              /usr/lib/gcc/avr/4.8.2/../../../avr/lib/avr5/libm.a(mulsf3.o) (__fp_round)
/usr/lib/gcc/avr/4.8.2/../../../avr/lib/avr5/libc.a(itoa.o)
                              ./source/autoclk3.0.o (itoa)
/usr/lib/gcc/avr/4.8.2/../../../avr/lib/avr5/libc.a(eerd_word_atmega32.o)
                              ./source/autoclk3.0.o (__eerd_word_m32)
/usr/lib/gcc/avr/4.8.2/../../../avr/lib/avr5/libc.a(eewr_word_atmega32.o)
                              ./source/autoclk3.0.o (__eewr_word_m32)
/usr/lib/gcc/avr/4.8.2/../../../avr/lib/avr5/libc.a(strrev.o)
                              /usr/lib/gcc/avr/4.8.2/../../../avr/lib/avr5/libc.a(itoa.o) (strrev)
/usr/lib/gcc/avr/4.8.2/../../../avr/lib/avr5/libc.a(eerd_block_atmega32.o)
                              /usr/lib/gcc/avr/4.8.2/../../../avr/lib/avr5/libc.a(eerd_word_atmega32.o) (__eerd_blraw_m32)
/usr/lib/gcc/avr/4.8.2/../../../avr/lib/avr5/libc.a(eewr_byte_atmega32.o)
                              /usr/lib/gcc/avr/4.8.2/../../../avr/lib/avr5/libc.a(eewr_word_atmega32.o) (__eewr_byte_m32)

Allocating common symbols
Common symbol       size              file

month               0x1               ./source/autoclk3.0.o
ADC_Value           0x1               ./source/autoclk3.0.o
temp1               0x1               ./source/autoclk3.0.o
min                 0x1               ./source/autoclk3.0.o
year                0x1               ./source/autoclk3.0.o
hr                  0x1               ./source/autoclk3.0.o
date                0x1               ./source/autoclk3.0.o

Memory Configuration

Name             Origin             Length             Attributes
text             0x0000000000000000 0x0000000000020000 xr
data             0x0000000000800060 0x000000000000ffa0 rw !x
eeprom           0x0000000000810000 0x0000000000010000 rw !x
fuse             0x0000000000820000 0x0000000000000400 rw !x
lock             0x0000000000830000 0x0000000000000400 rw !x
signature        0x0000000000840000 0x0000000000000400 rw !x
user_signatures  0x0000000000850000 0x0000000000000400 rw !x
*default*        0x0000000000000000 0xffffffffffffffff

Linker script and memory map

LOAD /usr/lib/gcc/avr/4.8.2/../../../avr/lib/avr5/crtm32.o
LOAD ./source/autoclk3.0.o
START GROUP
LOAD /usr/lib/gcc/avr/4.8.2/avr5/libgcc.a
LOAD /usr/lib/gcc/avr/4.8.2/../../../avr/lib/avr5/libm.a
LOAD /usr/lib/gcc/avr/4.8.2/../../../avr/lib/avr5/libc.a
END GROUP

.hash
 *(.hash)

.dynsym
 *(.dynsym)

.dynstr
 *(.dynstr)

.gnu.version
 *(.gnu.version)

.gnu.version_d
 *(.gnu.version_d)

.gnu.version_r
 *(.gnu.version_r)

.rel.init
 *(.rel.init)

.rela.init
 *(.rela.init)

.rel.text
 *(.rel.text)
 *(.rel.text.*)
 *(.rel.gnu.linkonce.t*)

.rela.text
 *(.rela.text)
 *(.rela.text.*)
 *(.rela.gnu.linkonce.t*)

.rel.fini
 *(.rel.fini)

.rela.fini
 *(.rela.fini)

.rel.rodata
 *(.rel.rodata)
 *(.rel.rodata.*)
 *(.rel.gnu.linkonce.r*)

.rela.rodata
 *(.rela.rodata)
 *(.rela.rodata.*)
 *(.rela.gnu.linkonce.r*)

.rel.data
 *(.rel.data)
 *(.rel.data.*)
 *(.rel.gnu.linkonce.d*)

.rela.data
 *(.rela.data)
 *(.rela.data.*)
 *(.rela.gnu.linkonce.d*)

.rel.ctors
 *(.rel.ctors)

.rela.ctors
 *(.rela.ctors)

.rel.dtors
 *(.rel.dtors)

.rela.dtors
 *(.rela.dtors)

.rel.got
 *(.rel.got)

.rela.got
 *(.rela.got)

.rel.bss
 *(.rel.bss)

.rela.bss
 *(.rela.bss)

.rel.plt
 *(.rel.plt)

.rela.plt
 *(.rela.plt)

.text           0x0000000000000000     0x387c
 *(.vectors)
 .vectors       0x0000000000000000       0x54 /usr/lib/gcc/avr/4.8.2/../../../avr/lib/avr5/crtm32.o
                0x0000000000000000                __vectors
                0x0000000000000000                __vector_default
 *(.vectors)
 *(.progmem.gcc*)
 *(.progmem*)
                0x0000000000000054                . = ALIGN (0x2)
                0x0000000000000054                __trampolines_start = .
 *(.trampolines)
 .trampolines   0x0000000000000054        0x0 linker stubs
 *(.trampolines*)
                0x0000000000000054                __trampolines_end = .
 *(.jumptables)
 *(.jumptables*)
 *(.lowtext)
 *(.lowtext*)
                0x0000000000000054                __ctors_start = .
 *(.ctors)
                0x0000000000000054                __ctors_end = .
                0x0000000000000054                __dtors_start = .
 *(.dtors)
                0x0000000000000054                __dtors_end = .
 SORT(*)(.ctors)
 SORT(*)(.dtors)
 *(.init0)
 .init0         0x0000000000000054        0x0 /usr/lib/gcc/avr/4.8.2/../../../avr/lib/avr5/crtm32.o
                0x0000000000000054                __init
 *(.init0)
 *(.init1)
 *(.init1)
 *(.init2)
 .init2         0x0000000000000054        0xc /usr/lib/gcc/avr/4.8.2/../../../avr/lib/avr5/crtm32.o
 *(.init2)
 *(.init3)
 *(.init3)
 *(.init4)
 .init4         0x0000000000000060       0x16 /usr/lib/gcc/avr/4.8.2/avr5/libgcc.a(_copy_data.o)
                0x0000000000000060                __do_copy_data
 .init4         0x0000000000000076       0x10 /usr/lib/gcc/avr/4.8.2/avr5/libgcc.a(_clear_bss.o)
                0x0000000000000076                __do_clear_bss
 *(.init4)
 *(.init5)
 *(.init5)
 *(.init6)
 *(.init6)
 *(.init7)
 *(.init7)
 *(.init8)
 *(.init8)
 *(.init9)
 .init9         0x0000000000000086        0x8 /usr/lib/gcc/avr/4.8.2/../../../avr/lib/avr5/crtm32.o
 *(.init9)
 *(.text)
 .text          0x000000000000008e        0x4 /usr/lib/gcc/avr/4.8.2/../../../avr/lib/avr5/crtm32.o
                0x000000000000008e                __vector_1
                0x000000000000008e                __vector_12
                0x000000000000008e                __bad_interrupt
                0x000000000000008e                __vector_6
                0x000000000000008e                __vector_3
                0x000000000000008e                __vector_11
                0x000000000000008e                __vector_13
                0x000000000000008e                __vector_17
                0x000000000000008e                __vector_19
                0x000000000000008e                __vector_7
                0x000000000000008e                __vector_5
                0x000000000000008e                __vector_4
                0x000000000000008e                __vector_9
                0x000000000000008e                __vector_2
                0x000000000000008e                __vector_15
                0x000000000000008e                __vector_8
                0x000000000000008e                __vector_14
                0x000000000000008e                __vector_10
                0x000000000000008e                __vector_16
                0x000000000000008e                __vector_18
                0x000000000000008e                __vector_20
 .text          0x0000000000000092        0x0 ./source/autoclk3.0.o
 .text          0x0000000000000092        0x0 /usr/lib/gcc/avr/4.8.2/avr5/libgcc.a(_umulhisi3.o)
 .text          0x0000000000000092        0x0 /usr/lib/gcc/avr/4.8.2/avr5/libgcc.a(_divmodhi4.o)
 .text          0x0000000000000092        0x0 /usr/lib/gcc/avr/4.8.2/avr5/libgcc.a(_exit.o)
 .text          0x0000000000000092        0x0 /usr/lib/gcc/avr/4.8.2/avr5/libgcc.a(_copy_data.o)
 .text          0x0000000000000092        0x0 /usr/lib/gcc/avr/4.8.2/avr5/libgcc.a(_clear_bss.o)
 .text          0x0000000000000092        0x0 /usr/lib/gcc/avr/4.8.2/avr5/libgcc.a(_udivmodhi4.o)
 .text          0x0000000000000092        0x0 /usr/lib/gcc/avr/4.8.2/../../../avr/lib/avr5/libm.a(cmpsf2.o)
 .text          0x0000000000000092        0x0 /usr/lib/gcc/avr/4.8.2/../../../avr/lib/avr5/libm.a(fixsfsi.o)
 .text          0x0000000000000092        0x0 /usr/lib/gcc/avr/4.8.2/../../../avr/lib/avr5/libm.a(fixunssfsi.o)
 .text          0x0000000000000092        0x0 /usr/lib/gcc/avr/4.8.2/../../../avr/lib/avr5/libm.a(floatsisf.o)
 .text          0x0000000000000092        0x0 /usr/lib/gcc/avr/4.8.2/../../../avr/lib/avr5/libm.a(fp_cmp.o)
 .text          0x0000000000000092        0x0 /usr/lib/gcc/avr/4.8.2/../../../avr/lib/avr5/libm.a(fp_split3.o)
 .text          0x0000000000000092        0x0 /usr/lib/gcc/avr/4.8.2/../../../avr/lib/avr5/libm.a(fp_zero.o)
 .text          0x0000000000000092        0x0 /usr/lib/gcc/avr/4.8.2/../../../avr/lib/avr5/libm.a(gesf2.o)
 .text          0x0000000000000092        0x0 /usr/lib/gcc/avr/4.8.2/../../../avr/lib/avr5/libm.a(mulsf3.o)
 .text          0x0000000000000092        0x0 /usr/lib/gcc/avr/4.8.2/../../../avr/lib/avr5/libm.a(mulsf3x.o)
 .text          0x0000000000000092        0x0 /usr/lib/gcc/avr/4.8.2/../../../avr/lib/avr5/libm.a(fp_inf.o)
 .text          0x0000000000000092        0x0 /usr/lib/gcc/avr/4.8.2/../../../avr/lib/avr5/libm.a(fp_nan.o)
 .text          0x0000000000000092        0x0 /usr/lib/gcc/avr/4.8.2/../../../avr/lib/avr5/libm.a(fp_pscA.o)
 .text          0x0000000000000092        0x0 /usr/lib/gcc/avr/4.8.2/../../../avr/lib/avr5/libm.a(fp_pscB.o)
 .text          0x0000000000000092        0x0 /usr/lib/gcc/avr/4.8.2/../../../avr/lib/avr5/libm.a(fp_round.o)
 .text          0x0000000000000092        0x0 /usr/lib/gcc/avr/4.8.2/../../../avr/lib/avr5/libc.a(itoa.o)
 .text          0x0000000000000092        0x0 /usr/lib/gcc/avr/4.8.2/../../../avr/lib/avr5/libc.a(eerd_word_atmega32.o)
 .text          0x0000000000000092        0x0 /usr/lib/gcc/avr/4.8.2/../../../avr/lib/avr5/libc.a(eewr_word_atmega32.o)
 .text          0x0000000000000092        0x0 /usr/lib/gcc/avr/4.8.2/../../../avr/lib/avr5/libc.a(strrev.o)
 .text          0x0000000000000092        0x0 /usr/lib/gcc/avr/4.8.2/../../../avr/lib/avr5/libc.a(eerd_block_atmega32.o)
 .text          0x0000000000000092        0x0 /usr/lib/gcc/avr/4.8.2/../../../avr/lib/avr5/libc.a(eewr_byte_atmega32.o)
                0x0000000000000092                . = ALIGN (0x2)
 *(.text.*)
 .text.lcd_data_write
                0x0000000000000092      0x20e ./source/autoclk3.0.o
                0x0000000000000092                lcd_data_write
 .text.lcd_command_write
                0x00000000000002a0      0x20c ./source/autoclk3.0.o
                0x00000000000002a0                lcd_command_write
 .text.lcd_init
                0x00000000000004ac       0x26 ./source/autoclk3.0.o
                0x00000000000004ac                lcd_init
 .text.lcd_string_write
                0x00000000000004d2       0x3c ./source/autoclk3.0.o
                0x00000000000004d2                lcd_string_write
 .text.lcd_number_write
                0x000000000000050e       0x64 ./source/autoclk3.0.o
                0x000000000000050e                lcd_number_write
 .text.lcd_cursor
                0x0000000000000572       0x68 ./source/autoclk3.0.o
                0x0000000000000572                lcd_cursor
 .text.twi_init
                0x00000000000005da       0x20 ./source/autoclk3.0.o
                0x00000000000005da                twi_init
 .text.twi_send_start
                0x00000000000005fa       0x30 ./source/autoclk3.0.o
                0x00000000000005fa                twi_send_start
 .text.twi_send_repeated_start
                0x000000000000062a       0x30 ./source/autoclk3.0.o
                0x000000000000062a                twi_send_repeated_start
 .text.twi_send_address_rw
                0x000000000000065a       0x40 ./source/autoclk3.0.o
                0x000000000000065a                twi_send_address_rw
 .text.twi_master_send_data
                0x000000000000069a       0x40 ./source/autoclk3.0.o
                0x000000000000069a                twi_master_send_data
 .text.twi_master_send_string
                0x00000000000006da       0x7a ./source/autoclk3.0.o
                0x00000000000006da                twi_master_send_string
 .text.twi_master_receive_data
                0x0000000000000754       0x2e ./source/autoclk3.0.o
                0x0000000000000754                twi_master_receive_data
 .text.twi_master_receive_string
                0x0000000000000782       0xae ./source/autoclk3.0.o
                0x0000000000000782                twi_master_receive_string
 .text.twi_master_receive_last_data
                0x0000000000000830       0x2e ./source/autoclk3.0.o
                0x0000000000000830                twi_master_receive_last_data
 .text.twi_send_stop
                0x000000000000085e       0x2e ./source/autoclk3.0.o
                0x000000000000085e                twi_send_stop
 .text.ds1307_second_write
                0x000000000000088c       0x3e ./source/autoclk3.0.o
                0x000000000000088c                ds1307_second_write
 .text.ds1307_minute_write
                0x00000000000008ca       0x3e ./source/autoclk3.0.o
                0x00000000000008ca                ds1307_minute_write
 .text.ds1307_hour_write
                0x0000000000000908       0x80 ./source/autoclk3.0.o
                0x0000000000000908                ds1307_hour_write
 .text.ds1307_day_write
                0x0000000000000988       0x3e ./source/autoclk3.0.o
                0x0000000000000988                ds1307_day_write
 .text.ds1307_date_write
                0x00000000000009c6       0x3e ./source/autoclk3.0.o
                0x00000000000009c6                ds1307_date_write
 .text.ds1307_month_write
                0x0000000000000a04       0x3e ./source/autoclk3.0.o
                0x0000000000000a04                ds1307_month_write
 .text.ds1307_year_write
                0x0000000000000a42       0x3e ./source/autoclk3.0.o
                0x0000000000000a42                ds1307_year_write
 .text.ds1307_read_second
                0x0000000000000a80       0x3a ./source/autoclk3.0.o
                0x0000000000000a80                ds1307_read_second
 .text.ds1307_read_minute
                0x0000000000000aba       0x3a ./source/autoclk3.0.o
                0x0000000000000aba                ds1307_read_minute
 .text.ds1307_read_hour
                0x0000000000000af4       0x3a ./source/autoclk3.0.o
                0x0000000000000af4                ds1307_read_hour
 .text.ds1307_read_day
                0x0000000000000b2e       0x3a ./source/autoclk3.0.o
                0x0000000000000b2e                ds1307_read_day
 .text.ds1307_read_date
                0x0000000000000b68       0x3a ./source/autoclk3.0.o
                0x0000000000000b68                ds1307_read_date
 .text.ds1307_read_month
                0x0000000000000ba2       0x3a ./source/autoclk3.0.o
                0x0000000000000ba2                ds1307_read_month
 .text.ds1307_read_year
                0x0000000000000bdc       0x3a ./source/autoclk3.0.o
                0x0000000000000bdc                ds1307_read_year
 .text.convert_decimal_to_bcd
                0x0000000000000c16       0x50 ./source/autoclk3.0.o
                0x0000000000000c16                convert_decimal_to_bcd
 .text.convert_bcd_to_decimal
                0x0000000000000c66       0x2e ./source/autoclk3.0.o
                0x0000000000000c66                convert_bcd_to_decimal
 .text.display_time
                0x0000000000000c94      0x2e0 ./source/autoclk3.0.o
                0x0000000000000c94                display_time
 .text.adc_init
                0x0000000000000f74       0x34 ./source/autoclk3.0.o
                0x0000000000000f74                adc_init
 .text.ReadVoltage
                0x0000000000000fa8       0x48 ./source/autoclk3.0.o
                0x0000000000000fa8                ReadVoltage
 .text.print_hour
                0x0000000000000ff0       0xca ./source/autoclk3.0.o
                0x0000000000000ff0                print_hour
 .text.print_minute
                0x00000000000010ba       0xc8 ./source/autoclk3.0.o
                0x00000000000010ba                print_minute
 .text.print_yr
                0x0000000000001182       0xc0 ./source/autoclk3.0.o
                0x0000000000001182                print_yr
 .text.print_date
                0x0000000000001242       0xce ./source/autoclk3.0.o
                0x0000000000001242                print_date
 .text.print_month
                0x0000000000001310       0xcc ./source/autoclk3.0.o
                0x0000000000001310                print_month
 .text.main     0x00000000000013dc     0x14c4 ./source/autoclk3.0.o
                0x00000000000013dc                main
 .text.menu_option_P0
                0x00000000000028a0      0x1ec ./source/autoclk3.0.o
                0x00000000000028a0                menu_option_P0
 .text.menu_option_P1
                0x0000000000002a8c      0x1ee ./source/autoclk3.0.o
                0x0000000000002a8c                menu_option_P1
 .text.menu_option_P2
                0x0000000000002c7a      0x1ee ./source/autoclk3.0.o
                0x0000000000002c7a                menu_option_P2
 .text.menu_option_runP0
                0x0000000000002e68      0x224 ./source/autoclk3.0.o
                0x0000000000002e68                menu_option_runP0
 .text.menu_option_runP1
                0x000000000000308c      0x218 ./source/autoclk3.0.o
                0x000000000000308c                menu_option_runP1
 .text.menu_option_runP2
                0x00000000000032a4      0x218 ./source/autoclk3.0.o
                0x00000000000032a4                menu_option_runP2
 .text.libgcc.mul
                0x00000000000034bc       0x1e /usr/lib/gcc/avr/4.8.2/avr5/libgcc.a(_umulhisi3.o)
                0x00000000000034bc                __umulhisi3
 .text.libgcc.div
                0x00000000000034da        0x0 /usr/lib/gcc/avr/4.8.2/avr5/libgcc.a(_umulhisi3.o)
 .text.libgcc   0x00000000000034da        0x0 /usr/lib/gcc/avr/4.8.2/avr5/libgcc.a(_umulhisi3.o)
 .text.libgcc.prologue
                0x00000000000034da        0x0 /usr/lib/gcc/avr/4.8.2/avr5/libgcc.a(_umulhisi3.o)
 .text.libgcc.builtins
                0x00000000000034da        0x0 /usr/lib/gcc/avr/4.8.2/avr5/libgcc.a(_umulhisi3.o)
 .text.libgcc.fmul
                0x00000000000034da        0x0 /usr/lib/gcc/avr/4.8.2/avr5/libgcc.a(_umulhisi3.o)
 .text.libgcc.fixed
                0x00000000000034da        0x0 /usr/lib/gcc/avr/4.8.2/avr5/libgcc.a(_umulhisi3.o)
 .text.libgcc.mul
                0x00000000000034da        0x0 /usr/lib/gcc/avr/4.8.2/avr5/libgcc.a(_divmodhi4.o)
 .text.libgcc.div
                0x00000000000034da       0x28 /usr/lib/gcc/avr/4.8.2/avr5/libgcc.a(_divmodhi4.o)
                0x00000000000034da                __divmodhi4
                0x00000000000034da                _div
 .text.libgcc   0x0000000000003502        0x0 /usr/lib/gcc/avr/4.8.2/avr5/libgcc.a(_divmodhi4.o)
 .text.libgcc.prologue
                0x0000000000003502        0x0 /usr/lib/gcc/avr/4.8.2/avr5/libgcc.a(_divmodhi4.o)
 .text.libgcc.builtins
                0x0000000000003502        0x0 /usr/lib/gcc/avr/4.8.2/avr5/libgcc.a(_divmodhi4.o)
 .text.libgcc.fmul
                0x0000000000003502        0x0 /usr/lib/gcc/avr/4.8.2/avr5/libgcc.a(_divmodhi4.o)
 .text.libgcc.fixed
                0x0000000000003502        0x0 /usr/lib/gcc/avr/4.8.2/avr5/libgcc.a(_divmodhi4.o)
 .text.libgcc.mul
                0x0000000000003502        0x0 /usr/lib/gcc/avr/4.8.2/avr5/libgcc.a(_exit.o)
 .text.libgcc.div
                0x0000000000003502        0x0 /usr/lib/gcc/avr/4.8.2/avr5/libgcc.a(_exit.o)
 .text.libgcc   0x0000000000003502        0x0 /usr/lib/gcc/avr/4.8.2/avr5/libgcc.a(_exit.o)
 .text.libgcc.prologue
                0x0000000000003502        0x0 /usr/lib/gcc/avr/4.8.2/avr5/libgcc.a(_exit.o)
 .text.libgcc.builtins
                0x0000000000003502        0x0 /usr/lib/gcc/avr/4.8.2/avr5/libgcc.a(_exit.o)
 .text.libgcc.fmul
                0x0000000000003502        0x0 /usr/lib/gcc/avr/4.8.2/avr5/libgcc.a(_exit.o)
 .text.libgcc.fixed
                0x0000000000003502        0x0 /usr/lib/gcc/avr/4.8.2/avr5/libgcc.a(_exit.o)
 .text.libgcc.mul
                0x0000000000003502        0x0 /usr/lib/gcc/avr/4.8.2/avr5/libgcc.a(_copy_data.o)
 .text.libgcc.div
                0x0000000000003502        0x0 /usr/lib/gcc/avr/4.8.2/avr5/libgcc.a(_copy_data.o)
 .text.libgcc   0x0000000000003502        0x0 /usr/lib/gcc/avr/4.8.2/avr5/libgcc.a(_copy_data.o)
 .text.libgcc.prologue
                0x0000000000003502        0x0 /usr/lib/gcc/avr/4.8.2/avr5/libgcc.a(_copy_data.o)
 .text.libgcc.builtins
                0x0000000000003502        0x0 /usr/lib/gcc/avr/4.8.2/avr5/libgcc.a(_copy_data.o)
 .text.libgcc.fmul
                0x0000000000003502        0x0 /usr/lib/gcc/avr/4.8.2/avr5/libgcc.a(_copy_data.o)
 .text.libgcc.fixed
                0x0000000000003502        0x0 /usr/lib/gcc/avr/4.8.2/avr5/libgcc.a(_copy_data.o)
 .text.libgcc.mul
                0x0000000000003502        0x0 /usr/lib/gcc/avr/4.8.2/avr5/libgcc.a(_clear_bss.o)
 .text.libgcc.div
                0x0000000000003502        0x0 /usr/lib/gcc/avr/4.8.2/avr5/libgcc.a(_clear_bss.o)
 .text.libgcc   0x0000000000003502        0x0 /usr/lib/gcc/avr/4.8.2/avr5/libgcc.a(_clear_bss.o)
 .text.libgcc.prologue
                0x0000000000003502        0x0 /usr/lib/gcc/avr/4.8.2/avr5/libgcc.a(_clear_bss.o)
 .text.libgcc.builtins
                0x0000000000003502        0x0 /usr/lib/gcc/avr/4.8.2/avr5/libgcc.a(_clear_bss.o)
 .text.libgcc.fmul
                0x0000000000003502        0x0 /usr/lib/gcc/avr/4.8.2/avr5/libgcc.a(_clear_bss.o)
 .text.libgcc.fixed
                0x0000000000003502        0x0 /usr/lib/gcc/avr/4.8.2/avr5/libgcc.a(_clear_bss.o)
 .text.libgcc.mul
                0x0000000000003502        0x0 /usr/lib/gcc/avr/4.8.2/avr5/libgcc.a(_udivmodhi4.o)
 .text.libgcc.div
                0x0000000000003502       0x28 /usr/lib/gcc/avr/4.8.2/avr5/libgcc.a(_udivmodhi4.o)
                0x0000000000003502                __udivmodhi4
 .text.libgcc   0x000000000000352a        0x0 /usr/lib/gcc/avr/4.8.2/avr5/libgcc.a(_udivmodhi4.o)
 .text.libgcc.prologue
                0x000000000000352a        0x0 /usr/lib/gcc/avr/4.8.2/avr5/libgcc.a(_udivmodhi4.o)
 .text.libgcc.builtins
                0x000000000000352a        0x0 /usr/lib/gcc/avr/4.8.2/avr5/libgcc.a(_udivmodhi4.o)
 .text.libgcc.fmul
                0x000000000000352a        0x0 /usr/lib/gcc/avr/4.8.2/avr5/libgcc.a(_udivmodhi4.o)
 .text.libgcc.fixed
                0x000000000000352a        0x0 /usr/lib/gcc/avr/4.8.2/avr5/libgcc.a(_udivmodhi4.o)
 .text.avr-libc.fplib
                0x000000000000352a        0x8 /usr/lib/gcc/avr/4.8.2/../../../avr/lib/avr5/libm.a(cmpsf2.o)
                0x000000000000352a                __lesf2
                0x000000000000352a                __nesf2
                0x000000000000352a                __eqsf2
                0x000000000000352a                __cmpsf2
                0x000000000000352a                __ltsf2
 .text.avr-libc.fplib
                0x0000000000003532        0xa /usr/lib/gcc/avr/4.8.2/../../../avr/lib/avr5/libm.a(fixsfsi.o)
                0x0000000000003532                __fixsfsi
 .text.avr-libc.fplib
                0x000000000000353c       0x58 /usr/lib/gcc/avr/4.8.2/../../../avr/lib/avr5/libm.a(fixunssfsi.o)
                0x000000000000353c                __fixunssfsi
 .text.avr-libc.fplib
                0x0000000000003594       0x7a /usr/lib/gcc/avr/4.8.2/../../../avr/lib/avr5/libm.a(floatsisf.o)
                0x0000000000003594                __floatunsisf
                0x0000000000003598                __floatsisf
 .text.avr-libc.fplib
                0x000000000000360e       0x48 /usr/lib/gcc/avr/4.8.2/../../../avr/lib/avr5/libm.a(fp_cmp.o)
                0x000000000000360e                __fp_cmp
 .text.avr-libc.fplib
                0x0000000000003656       0x44 /usr/lib/gcc/avr/4.8.2/../../../avr/lib/avr5/libm.a(fp_split3.o)
                0x0000000000003656                __fp_split3
                0x0000000000003666                __fp_splitA
 .text.avr-libc.fplib
                0x000000000000369a        0xe /usr/lib/gcc/avr/4.8.2/../../../avr/lib/avr5/libm.a(fp_zero.o)
                0x000000000000369a                __fp_zero
                0x000000000000369c                __fp_szero
 .text.avr-libc.fplib
                0x00000000000036a8        0x8 /usr/lib/gcc/avr/4.8.2/../../../avr/lib/avr5/libm.a(gesf2.o)
                0x00000000000036a8                __gtsf2
                0x00000000000036a8                __gesf2
 .text.avr-libc.fplib
                0x00000000000036b0        0x4 /usr/lib/gcc/avr/4.8.2/../../../avr/lib/avr5/libm.a(mulsf3.o)
                0x00000000000036b0                __mulsf3
 .text.avr-libc.fplib
                0x00000000000036b4       0xc2 /usr/lib/gcc/avr/4.8.2/../../../avr/lib/avr5/libm.a(mulsf3x.o)
                0x00000000000036c8                __mulsf3x
                0x00000000000036cc                __mulsf3_pse
 .text.avr-libc.fplib
                0x0000000000003776        0xc /usr/lib/gcc/avr/4.8.2/../../../avr/lib/avr5/libm.a(fp_inf.o)
                0x0000000000003776                __fp_inf
 .text.avr-libc.fplib
                0x0000000000003782        0x6 /usr/lib/gcc/avr/4.8.2/../../../avr/lib/avr5/libm.a(fp_nan.o)
                0x0000000000003782                __fp_nan
 .text.avr-libc.fplib
                0x0000000000003788        0xe /usr/lib/gcc/avr/4.8.2/../../../avr/lib/avr5/libm.a(fp_pscA.o)
                0x0000000000003788                __fp_pscA
 .text.avr-libc.fplib
                0x0000000000003796        0xe /usr/lib/gcc/avr/4.8.2/../../../avr/lib/avr5/libm.a(fp_pscB.o)
                0x0000000000003796                __fp_pscB
 .text.avr-libc.fplib
                0x00000000000037a4       0x22 /usr/lib/gcc/avr/4.8.2/../../../avr/lib/avr5/libm.a(fp_round.o)
                0x00000000000037a4                __fp_round
 .text.avr-libc
                0x00000000000037c6       0x42 /usr/lib/gcc/avr/4.8.2/../../../avr/lib/avr5/libc.a(itoa.o)
                0x00000000000037c6                itoa
 .text.avr-libc
                0x0000000000003808        0xc /usr/lib/gcc/avr/4.8.2/../../../avr/lib/avr5/libc.a(eerd_word_atmega32.o)
                0x0000000000003808                __eerd_word_m32
 .text.avr-libc
                0x0000000000003814        0xa /usr/lib/gcc/avr/4.8.2/../../../avr/lib/avr5/libc.a(eewr_word_atmega32.o)
                0x0000000000003814                __eewr_word_m32
 .text.avr-libc
                0x000000000000381e       0x20 /usr/lib/gcc/avr/4.8.2/../../../avr/lib/avr5/libc.a(strrev.o)
                0x000000000000381e                strrev
 .text.avr-libc
                0x000000000000383e       0x20 /usr/lib/gcc/avr/4.8.2/../../../avr/lib/avr5/libc.a(eerd_block_atmega32.o)
                0x000000000000383e                __eerd_block_m32
                0x0000000000003842                __eerd_blraw_m32
 .text.avr-libc
                0x000000000000385e       0x1a /usr/lib/gcc/avr/4.8.2/../../../avr/lib/avr5/libc.a(eewr_byte_atmega32.o)
                0x000000000000385e                __eewr_byte_m32
                0x0000000000003860                __eewr_r18_m32
                0x0000000000003878                . = ALIGN (0x2)
 *(.fini9)
 .fini9         0x0000000000003878        0x0 /usr/lib/gcc/avr/4.8.2/avr5/libgcc.a(_exit.o)
                0x0000000000003878                exit
                0x0000000000003878                _exit
 *(.fini9)
 *(.fini8)
 *(.fini8)
 *(.fini7)
 *(.fini7)
 *(.fini6)
 *(.fini6)
 *(.fini5)
 *(.fini5)
 *(.fini4)
 *(.fini4)
 *(.fini3)
 *(.fini3)
 *(.fini2)
 *(.fini2)
 *(.fini1)
 *(.fini1)
 *(.fini0)
 .fini0         0x0000000000003878        0x4 /usr/lib/gcc/avr/4.8.2/avr5/libgcc.a(_exit.o)
 *(.fini0)
                0x000000000000387c                _etext = .

.data           0x0000000000800060      0x2b4 load address 0x000000000000387c
                0x0000000000800060                PROVIDE (__data_start, .)
 *(.data)
 .data          0x0000000000800060        0x0 /usr/lib/gcc/avr/4.8.2/../../../avr/lib/avr5/crtm32.o
 .data          0x0000000000800060        0x0 ./source/autoclk3.0.o
 .data          0x0000000000800060        0x0 /usr/lib/gcc/avr/4.8.2/avr5/libgcc.a(_umulhisi3.o)
 .data          0x0000000000800060        0x0 /usr/lib/gcc/avr/4.8.2/avr5/libgcc.a(_divmodhi4.o)
 .data          0x0000000000800060        0x0 /usr/lib/gcc/avr/4.8.2/avr5/libgcc.a(_exit.o)
 .data          0x0000000000800060        0x0 /usr/lib/gcc/avr/4.8.2/avr5/libgcc.a(_copy_data.o)
 .data          0x0000000000800060        0x0 /usr/lib/gcc/avr/4.8.2/avr5/libgcc.a(_clear_bss.o)
 .data          0x0000000000800060        0x0 /usr/lib/gcc/avr/4.8.2/avr5/libgcc.a(_udivmodhi4.o)
 .data          0x0000000000800060        0x0 /usr/lib/gcc/avr/4.8.2/../../../avr/lib/avr5/libm.a(cmpsf2.o)
 .data          0x0000000000800060        0x0 /usr/lib/gcc/avr/4.8.2/../../../avr/lib/avr5/libm.a(fixsfsi.o)
 .data          0x0000000000800060        0x0 /usr/lib/gcc/avr/4.8.2/../../../avr/lib/avr5/libm.a(fixunssfsi.o)
 .data          0x0000000000800060        0x0 /usr/lib/gcc/avr/4.8.2/../../../avr/lib/avr5/libm.a(floatsisf.o)
 .data          0x0000000000800060        0x0 /usr/lib/gcc/avr/4.8.2/../../../avr/lib/avr5/libm.a(fp_cmp.o)
 .data          0x0000000000800060        0x0 /usr/lib/gcc/avr/4.8.2/../../../avr/lib/avr5/libm.a(fp_split3.o)
 .data          0x0000000000800060        0x0 /usr/lib/gcc/avr/4.8.2/../../../avr/lib/avr5/libm.a(fp_zero.o)
 .data          0x0000000000800060        0x0 /usr/lib/gcc/avr/4.8.2/../../../avr/lib/avr5/libm.a(gesf2.o)
 .data          0x0000000000800060        0x0 /usr/lib/gcc/avr/4.8.2/../../../avr/lib/avr5/libm.a(mulsf3.o)
 .data          0x0000000000800060        0x0 /usr/lib/gcc/avr/4.8.2/../../../avr/lib/avr5/libm.a(mulsf3x.o)
 .data          0x0000000000800060        0x0 /usr/lib/gcc/avr/4.8.2/../../../avr/lib/avr5/libm.a(fp_inf.o)
 .data          0x0000000000800060        0x0 /usr/lib/gcc/avr/4.8.2/../../../avr/lib/avr5/libm.a(fp_nan.o)
 .data          0x0000000000800060        0x0 /usr/lib/gcc/avr/4.8.2/../../../avr/lib/avr5/libm.a(fp_pscA.o)
 .data          0x0000000000800060        0x0 /usr/lib/gcc/avr/4.8.2/../../../avr/lib/avr5/libm.a(fp_pscB.o)
 .data          0x0000000000800060        0x0 /usr/lib/gcc/avr/4.8.2/../../../avr/lib/avr5/libm.a(fp_round.o)
 .data          0x0000000000800060        0x0 /usr/lib/gcc/avr/4.8.2/../../../avr/lib/avr5/libc.a(itoa.o)
 .data          0x0000000000800060        0x0 /usr/lib/gcc/avr/4.8.2/../../../avr/lib/avr5/libc.a(eerd_word_atmega32.o)
 .data          0x0000000000800060        0x0 /usr/lib/gcc/avr/4.8.2/../../../avr/lib/avr5/libc.a(eewr_word_atmega32.o)
 .data          0x0000000000800060        0x0 /usr/lib/gcc/avr/4.8.2/../../../avr/lib/avr5/libc.a(strrev.o)
 .data          0x0000000000800060        0x0 /usr/lib/gcc/avr/4.8.2/../../../avr/lib/avr5/libc.a(eerd_block_atmega32.o)
 .data          0x0000000000800060        0x0 /usr/lib/gcc/avr/4.8.2/../../../avr/lib/avr5/libc.a(eewr_byte_atmega32.o)
 *(.data*)
 .data.ampm_bit
                0x0000000000800060        0x4 ./source/autoclk3.0.o
                0x0000000000800060                ampm_bit
 .data.display_format
                0x0000000000800064        0x4 ./source/autoclk3.0.o
                0x0000000000800064                display_format
 *(.rodata)
 .rodata        0x0000000000800068      0x2ab ./source/autoclk3.0.o
 *(.rodata*)
 *(.gnu.linkonce.d*)
                0x0000000000800314                . = ALIGN (0x2)
 *fill*         0x0000000000800313        0x1 
                0x0000000000800314                _edata = .
                0x0000000000800314                PROVIDE (__data_end, .)

.bss            0x0000000000800314        0xc
                0x0000000000800314                PROVIDE (__bss_start, .)
 *(.bss)
 .bss           0x0000000000800314        0x0 /usr/lib/gcc/avr/4.8.2/../../../avr/lib/avr5/crtm32.o
 .bss           0x0000000000800314        0x0 ./source/autoclk3.0.o
 .bss           0x0000000000800314        0x0 /usr/lib/gcc/avr/4.8.2/avr5/libgcc.a(_umulhisi3.o)
 .bss           0x0000000000800314        0x0 /usr/lib/gcc/avr/4.8.2/avr5/libgcc.a(_divmodhi4.o)
 .bss           0x0000000000800314        0x0 /usr/lib/gcc/avr/4.8.2/avr5/libgcc.a(_exit.o)
 .bss           0x0000000000800314        0x0 /usr/lib/gcc/avr/4.8.2/avr5/libgcc.a(_copy_data.o)
 .bss           0x0000000000800314        0x0 /usr/lib/gcc/avr/4.8.2/avr5/libgcc.a(_clear_bss.o)
 .bss           0x0000000000800314        0x0 /usr/lib/gcc/avr/4.8.2/avr5/libgcc.a(_udivmodhi4.o)
 .bss           0x0000000000800314        0x0 /usr/lib/gcc/avr/4.8.2/../../../avr/lib/avr5/libm.a(cmpsf2.o)
 .bss           0x0000000000800314        0x0 /usr/lib/gcc/avr/4.8.2/../../../avr/lib/avr5/libm.a(fixsfsi.o)
 .bss           0x0000000000800314        0x0 /usr/lib/gcc/avr/4.8.2/../../../avr/lib/avr5/libm.a(fixunssfsi.o)
 .bss           0x0000000000800314        0x0 /usr/lib/gcc/avr/4.8.2/../../../avr/lib/avr5/libm.a(floatsisf.o)
 .bss           0x0000000000800314        0x0 /usr/lib/gcc/avr/4.8.2/../../../avr/lib/avr5/libm.a(fp_cmp.o)
 .bss           0x0000000000800314        0x0 /usr/lib/gcc/avr/4.8.2/../../../avr/lib/avr5/libm.a(fp_split3.o)
 .bss           0x0000000000800314        0x0 /usr/lib/gcc/avr/4.8.2/../../../avr/lib/avr5/libm.a(fp_zero.o)
 .bss           0x0000000000800314        0x0 /usr/lib/gcc/avr/4.8.2/../../../avr/lib/avr5/libm.a(gesf2.o)
 .bss           0x0000000000800314        0x0 /usr/lib/gcc/avr/4.8.2/../../../avr/lib/avr5/libm.a(mulsf3.o)
 .bss           0x0000000000800314        0x0 /usr/lib/gcc/avr/4.8.2/../../../avr/lib/avr5/libm.a(mulsf3x.o)
 .bss           0x0000000000800314        0x0 /usr/lib/gcc/avr/4.8.2/../../../avr/lib/avr5/libm.a(fp_inf.o)
 .bss           0x0000000000800314        0x0 /usr/lib/gcc/avr/4.8.2/../../../avr/lib/avr5/libm.a(fp_nan.o)
 .bss           0x0000000000800314        0x0 /usr/lib/gcc/avr/4.8.2/../../../avr/lib/avr5/libm.a(fp_pscA.o)
 .bss           0x0000000000800314        0x0 /usr/lib/gcc/avr/4.8.2/../../../avr/lib/avr5/libm.a(fp_pscB.o)
 .bss           0x0000000000800314        0x0 /usr/lib/gcc/avr/4.8.2/../../../avr/lib/avr5/libm.a(fp_round.o)
 .bss           0x0000000000800314        0x0 /usr/lib/gcc/avr/4.8.2/../../../avr/lib/avr5/libc.a(itoa.o)
 .bss           0x0000000000800314        0x0 /usr/lib/gcc/avr/4.8.2/../../../avr/lib/avr5/libc.a(eerd_word_atmega32.o)
 .bss           0x0000000000800314        0x0 /usr/lib/gcc/avr/4.8.2/../../../avr/lib/avr5/libc.a(eewr_word_atmega32.o)
 .bss           0x0000000000800314        0x0 /usr/lib/gcc/avr/4.8.2/../../../avr/lib/avr5/libc.a(strrev.o)
 .bss           0x0000000000800314        0x0 /usr/lib/gcc/avr/4.8.2/../../../avr/lib/avr5/libc.a(eerd_block_atmega32.o)
 .bss           0x0000000000800314        0x0 /usr/lib/gcc/avr/4.8.2/../../../avr/lib/avr5/libc.a(eewr_byte_atmega32.o)
 *(.bss*)
 .bss.h1        0x0000000000800314        0x2 ./source/autoclk3.0.o
                0x0000000000800314                h1
 .bss.h0        0x0000000000800316        0x2 ./source/autoclk3.0.o
                0x0000000000800316                h0
 .bss.sec       0x0000000000800318        0x1 ./source/autoclk3.0.o
                0x0000000000800318                sec
 *(COMMON)
 COMMON         0x0000000000800319        0x7 ./source/autoclk3.0.o
                0x0000000000800319                month
                0x000000000080031a                ADC_Value
                0x000000000080031b                temp1
                0x000000000080031c                min
                0x000000000080031d                year
                0x000000000080031e                hr
                0x000000000080031f                date
                0x0000000000800320                PROVIDE (__bss_end, .)
                0x000000000000387c                __data_load_start = LOADADDR (.data)
                0x0000000000003b30                __data_load_end = (__data_load_start + SIZEOF (.data))

.noinit         0x0000000000800320        0x0
                0x0000000000800320                PROVIDE (__noinit_start, .)
 *(.noinit*)
                0x0000000000800320                PROVIDE (__noinit_end, .)
                0x0000000000800320                _end = .
                0x0000000000800320                PROVIDE (__heap_start, .)

.eeprom         0x0000000000810000        0x0
 *(.eeprom*)
                0x0000000000810000                __eeprom_end = .

.fuse
 *(.fuse)
 *(.lfuse)
 *(.hfuse)
 *(.efuse)

.lock
 *(.lock*)

.signature
 *(.signature*)

.user_signatures
 *(.user_signatures*)

.stab           0x0000000000000000     0x6450
 *(.stab)
 .stab          0x0000000000000000      0x6cc /usr/lib/gcc/avr/4.8.2/../../../avr/lib/avr5/crtm32.o
 .stab          0x00000000000006cc     0x456c ./source/autoclk3.0.o
                                       0x4578 (size before relaxing)
 .stab          0x0000000000004c38       0x90 /usr/lib/gcc/avr/4.8.2/../../../avr/lib/avr5/libm.a(cmpsf2.o)
                                         0x9c (size before relaxing)
 .stab          0x0000000000004cc8       0x6c /usr/lib/gcc/avr/4.8.2/../../../avr/lib/avr5/libm.a(fixsfsi.o)
                                         0x78 (size before relaxing)
 .stab          0x0000000000004d34      0x240 /usr/lib/gcc/avr/4.8.2/../../../avr/lib/avr5/libm.a(fixunssfsi.o)
                                        0x24c (size before relaxing)
 .stab          0x0000000000004f74      0x318 /usr/lib/gcc/avr/4.8.2/../../../avr/lib/avr5/libm.a(floatsisf.o)
                                        0x324 (size before relaxing)
 .stab          0x000000000000528c      0x1e0 /usr/lib/gcc/avr/4.8.2/../../../avr/lib/avr5/libm.a(fp_cmp.o)
                                        0x1ec (size before relaxing)
 .stab          0x000000000000546c      0x1d4 /usr/lib/gcc/avr/4.8.2/../../../avr/lib/avr5/libm.a(fp_split3.o)
                                        0x1e0 (size before relaxing)
 .stab          0x0000000000005640       0x90 /usr/lib/gcc/avr/4.8.2/../../../avr/lib/avr5/libm.a(fp_zero.o)
                                         0x9c (size before relaxing)
 .stab          0x00000000000056d0       0x6c /usr/lib/gcc/avr/4.8.2/../../../avr/lib/avr5/libm.a(gesf2.o)
                                         0x78 (size before relaxing)
 .stab          0x000000000000573c       0x48 /usr/lib/gcc/avr/4.8.2/../../../avr/lib/avr5/libm.a(mulsf3.o)
                                         0x54 (size before relaxing)
 .stab          0x0000000000005784      0x4d4 /usr/lib/gcc/avr/4.8.2/../../../avr/lib/avr5/libm.a(mulsf3x.o)
                                        0x4e0 (size before relaxing)
 .stab          0x0000000000005c58       0x78 /usr/lib/gcc/avr/4.8.2/../../../avr/lib/avr5/libm.a(fp_inf.o)
                                         0x84 (size before relaxing)
 .stab          0x0000000000005cd0       0x54 /usr/lib/gcc/avr/4.8.2/../../../avr/lib/avr5/libm.a(fp_nan.o)
                                         0x60 (size before relaxing)
 .stab          0x0000000000005d24       0x84 /usr/lib/gcc/avr/4.8.2/../../../avr/lib/avr5/libm.a(fp_pscA.o)
                                         0x90 (size before relaxing)
 .stab          0x0000000000005da8       0x84 /usr/lib/gcc/avr/4.8.2/../../../avr/lib/avr5/libm.a(fp_pscB.o)
                                         0x90 (size before relaxing)
 .stab          0x0000000000005e2c       0xfc /usr/lib/gcc/avr/4.8.2/../../../avr/lib/avr5/libm.a(fp_round.o)
                                        0x108 (size before relaxing)
 .stab          0x0000000000005f28      0x1b0 /usr/lib/gcc/avr/4.8.2/../../../avr/lib/avr5/libc.a(itoa.o)
                                        0x1bc (size before relaxing)
 .stab          0x00000000000060d8       0x6c /usr/lib/gcc/avr/4.8.2/../../../avr/lib/avr5/libc.a(eerd_word_atmega32.o)
                                         0x78 (size before relaxing)
 .stab          0x0000000000006144       0x54 /usr/lib/gcc/avr/4.8.2/../../../avr/lib/avr5/libc.a(eewr_word_atmega32.o)
                                         0x60 (size before relaxing)
 .stab          0x0000000000006198       0xd8 /usr/lib/gcc/avr/4.8.2/../../../avr/lib/avr5/libc.a(strrev.o)
                                         0xe4 (size before relaxing)
 .stab          0x0000000000006270      0x108 /usr/lib/gcc/avr/4.8.2/../../../avr/lib/avr5/libc.a(eerd_block_atmega32.o)
                                        0x114 (size before relaxing)
 .stab          0x0000000000006378       0xd8 /usr/lib/gcc/avr/4.8.2/../../../avr/lib/avr5/libc.a(eewr_byte_atmega32.o)
                                         0xe4 (size before relaxing)

.stabstr        0x0000000000000000     0x197f
 *(.stabstr)
 .stabstr       0x0000000000000000     0x197f /usr/lib/gcc/avr/4.8.2/../../../avr/lib/avr5/crtm32.o

.stab.excl
 *(.stab.excl)

.stab.exclstr
 *(.stab.exclstr)

.stab.index
 *(.stab.index)

.stab.indexstr
 *(.stab.indexstr)

.comment        0x0000000000000000       0x11
 *(.comment)
 .comment       0x0000000000000000       0x11 ./source/autoclk3.0.o
                                         0x12 (size before relaxing)

.debug
 *(.debug)

.line
 *(.line)

.debug_srcinfo
 *(.debug_srcinfo)

.debug_sfnames
 *(.debug_sfnames)

.debug_aranges
 *(.debug_aranges)

.debug_pubnames
 *(.debug_pubnames)

.debug_info
 *(.debug_info)
 *(.gnu.linkonce.wi.*)

.debug_abbrev
 *(.debug_abbrev)

.debug_line
 *(.debug_line)

.debug_frame
 *(.debug_frame)

.debug_str
 *(.debug_str)

.debug_loc
 *(.debug_loc)

.debug_macinfo
 *(.debug_macinfo)

.debug_pubtypes
 *(.debug_pubtypes)

.debug_ranges
 *(.debug_ranges)

.debug_macro
 *(.debug_macro)
OUTPUT(autoclk3.0.elf elf32-avr)
LOAD linker stubs
